[x-gudao sync] 模式: daily | 标的: 2 个
[x-gudao sync] 数据库: C:\Users\Administrator\x-gudao\data\market_data.db
──────────────────────────────────────────────────

[1/2] 📈 SPY
  ℹ️  无新数据（或出错: 0）
  ⏳ 等待 15s（限流保护）...

[2/2] 📈 IVV
  ℹ️  无新数据（或出错: 0）

✅ 完成！共获取 0 条新记录
